     1 00000000 EB11                    jmp start
     2                                  
     3 00000002 4C076107620765076C-     labs: db 'L', 0x07, 'a', 0x07, 'b', 0x07, 'e', 0x07, 'l', 0x07, ' ', 0x07, 'b', '0x07'
     3 0000000B 0720076230783037   
     4                                  
     5                                  start:
     6                                  
     7 00000013 B800B8                  mov ax, 0xb800
     8 00000016 8EC0                    mov es, ax
     9 00000018 BF0000                  mov di, 0
    10                                  
    11 0000001B B8C007                  mov ax, 0x07c0
    12 0000001E 8ED8                    mov ds, ax
    13 00000020 BE[0200]                mov si, labs
    14                                  
    15 00000023 B90C00                  mov cx, 0xc
    16                                  
    17                                  ; std
    18 00000026 FC                      cld
    19                                  
    20 00000027 F3A4                    rep movsb
    21                                  
    22 00000029 B8FFFF                  mov ax, 65535
    23 0000002C BE0A00                  mov si, 10
    24 0000002F BB[5900]                mov bx, datas
    25 00000032 B90500                  mov cx, 5
    26                                  
    27                                  func:
    28 00000035 31D2                        xor dx, dx
    29 00000037 F7F6                        div si
    30 00000039 80C230                      add dl, 0x30
    31 0000003C 8817                        mov [bx], dl
    32 0000003E 43                          inc bx
    33 0000003F E2F4                        loop func
    34                                  
    35 00000041 B90500                  mov cx, 5
    36 00000044 BB[5900]                mov bx, datas
    37 00000047 01CB                    add bx, cx
    38                                  show:
    39 00000049 4B                          dec bx
    40 0000004A 8A07                        mov al, [bx]
    41 0000004C 268805                      mov byte [es: di], al
    42 0000004F 47                          inc di
    43 00000050 26C60507                    mov byte [es: di], 0x07
    44 00000054 47                          inc di
    45 00000055 E2F2                        loop show
    46                                  
    47 00000057 EBFE                    jmp $
    48                                  
    49 00000059 0000000000              datas db 0, 0, 0, 0, 0
    50                                  
    51 0000005E 00<rept>                times (510-($-$$)) db 0
    52                                  
    53 000001FE 55AA                    db 0x55, 0xaa
