     1 00000000 EB1A                    jmp start
     2                                  
     3 00000002 616263646566676869-     message: db 'abcdefghijklmnopqrstuvwxyz'
     3 0000000B 6A6B6C6D6E6F707172-
     3 00000014 737475767778797A   
     4                                  
     5                                  start:
     6                                  
     7 0000001C B800B8                      mov ax, 0xb800
     8 0000001F 8EC0                        mov es, ax
     9 00000021 B91A00                      mov cx, start-message
    10 00000024 BE0000                      mov si, 0
    11                                  
    12 00000027 B8C007                      mov ax, 0x7c0
    13 0000002A 8ED8                        mov ds, ax
    14 0000002C BF[0200]                    mov di, message
    15                                  
    16                                  showdb:
    17 0000002F 3E8A05                      mov al, [ds: di]
    18 00000032 47                          inc di
    19 00000033 268804                      mov [es: si], al
    20 00000036 46                          inc si
    21 00000037 26C60407                    mov byte [es: si], 0x07
    22 0000003B 46                          inc si
    23 0000003C E2F1                        loop showdb
    24                                  
    25                                  ;交换
    26 0000003E B8C007                  mov ax, 0x7c0
    27 00000041 8ED8                    mov ds, ax
    28                                  ; mov ax, cs
    29                                  ; mov ds, ax
    30 00000043 BB[0200]                mov bx, message
    31 00000046 BF[1B00]                mov di, start-1
    32                                  
    33                                  move:
    34 00000049 8A07                        mov al, [bx]
    35 0000004B 8A25                        mov ah, [di]
    36 0000004D 8805                        mov [di], al
    37 0000004F 8827                        mov [bx], ah
    38 00000051 83C301                      add bx, 1
    39 00000054 83EF01                      sub di, 1
    40 00000057 39FB                        cmp bx, di
    41 00000059 7CEE                        jl move
    42                                  
    43 0000005B B8C007                  mov ax, 0x07c0
    44 0000005E 8ED8                    mov ds, ax
    45 00000060 BF[0200]                mov di, message
    46                                  
    47 00000063 B800B8                  mov ax, 0xb800
    48 00000066 8EC0                    mov es, ax
    49 00000068 BEA000                  mov si, 0xa0
    50 0000006B B91A00                  mov cx, start-message
    51                                  
    52                                  showdb2:
    53 0000006E 3E8A05                      mov al, [ds: di]
    54 00000071 47                          inc di
    55 00000072 268804                      mov [es: si], al
    56 00000075 46                          inc si
    57 00000076 26C60407                    mov byte [es: si], 0x07
    58 0000007A 46                          inc si
    59 0000007B E2F1                        loop showdb2
    60                                  
    61 0000007D EBFE                    jmp $
    62                                  
    63 0000007F 00<rept>                times (510-($-$$)) db 0
    64                                  
    65 000001FE 55AA                    db 0x55, 0xaa
